2008_debruijn_binary
2008_nmseq
2008_pentominoes-int
2008_quasigroup7
2008_radiation
2008_rcpsp
2008_search_stress
2008_shortest_path
2008_slow_convergence
2008_trucking
2009_black-hole
2009_fillomino
2009_nonogram_non
2009_open_stacks_open_stacks_01
2009_prop_stress
2009_rectangle-packing_rect_packing
2009_roster_roster_model
2009_search_stress2
2009_still_life
2009_vrp
2010_bacp_bacp-1
2010_bacp_bacp-10
2010_bacp_bacp-11
2010_bacp_bacp-12
2010_bacp_bacp-14
2010_bacp_bacp-16
2010_bacp_bacp-18
2010_bacp_bacp-2
2010_bacp_bacp-21
2010_bacp_bacp-23
2010_bacp_bacp-25
2010_bacp_bacp-27
2010_bacp_bacp-4
2010_bacp_bacp-6
2010_bacp_bacp-8
2010_costas_array_CostasArray
2010_depot_placement
2010_filters_filter
2010_ghoulomb
2010_grid_colouring_GridColoring
2010_rcpsp_max
2010_solbat_sb
2010_sugiyama_sugiyama2
2010_wwtp_random_wwtpp
2010_wwtp_real_wwtpp
2011_bacp_bacp-19
2011_bacp_bacp-22
2011_bacp_bacp-24
2011_bacp_bacp-28
2011_bacp_bacp-9
2011_black-hole
2011_carpet-cutting_cc_base
2011_costas-array_CostasArray
2011_cyclic-rcpsp_rcmsp
2011_depot-placement_depot_placement
2011_fast-food_fastfood
2011_fillomino
2011_grid-colouring_GridColoring
2011_nonogram_non
2011_open-stacks_open_stacks_01
2011_pattern-set-mining_pattern_set_mining
2011_pentominoes_pentominoes-int
2011_prize-collecting_pc
2011_roster_roster_model
2011_ship-schedule_ship-schedule.cp
2011_solbat_sb
2011_table-layout_TableLayout
2011_vrp
2011_wwtpp-real_wwtpp
2012_amaze
2012_amaze2
2012_carpet-cutting_cc_base
2012_fast-food_fastfood
2012_filters_filter
2012_league
2012_mspsp
2012_nonogram_non
2012_parity-learning
2012_pattern-set-mining-k1_pattern_set_mining_k1
2012_pattern-set-mining-k2_pattern_set_mining_k2
2012_project-planning_ProjectPlannertest_12_8
2012_project-planning_ProjectPlannertest_13_6
2012_project-planning_ProjectPlannertest_13_8
2012_project-planning_ProjectPlannertest_14_8
2012_project-planning_ProjectPlannertest_16_7
2012_project-planning_ProjectPlannertest_17_9
2012_radiation
2012_ship-schedule_ship-schedule.cp
2012_solbat_sb
2012_still-life-wastage_still-life
2012_tpp
2012_train
2012_vrp
2013_black-hole
2013_cargo_cargo_coarsePiles
2013_celar
2013_filters_filter
2013_fjsp
2013_ghoulomb
2013_javarouting_empty
2013_javarouting_trip_6_3
2013_javarouting_trip_7_1
2013_javarouting_trip_7_2
2013_javarouting_trip_8_1
2013_javarouting_trip_8_5
2013_l2p_linear-to-program
2013_league
2013_mario
2013_nmseq
2013_nonogram_non
2013_on-call-rostering_oc-roster
2013_pattern-set-mining_pattern_set_mining
2013_pentominoes-int
2013_proteindesign12_wcsp
2013_radiation
2013_rcpsp
2013_rubik_4-cube
2013_rubik_5-cube
2013_rubik_6-cube
2013_rubik_7-cube
2013_rubik_8-cube
2013_rubik_empty
2013_vrp
2014_amaze_amaze3
2014_cyclic-rcpsp_rcmsp
2014_elitserien_handball
2014_fillomino
2014_jp-encoding
2014_liner-sf-repositioning_fm3_11
2014_liner-sf-repositioning_fm3_5
2014_liner-sf-repositioning_tp7_0
2014_liner-sf-repositioning_tp7_10
2014_liner-sf-repositioning_tp7_8
2014_mario
2014_mqueens_mqueens2
2014_multi-knapsack_mknapsack
2014_openshop
2014_rectangle-packing_rect_packing
2014_road-cons_road_naive
2014_ship-schedule_ship-schedule.cp
2014_smelt
2014_solbat_sb
2014_spot5
2014_stochastic-fjsp_fjsp-a1-s2_fjsp-t15-j3-m3-a1_det
2014_stochastic-fjsp_fjsp-a1-s3_fjsp-t20-j4-m3-a1_det
2014_stochastic-fjsp_fjsp-a1-s4_fjsp-t8-j2-m3-a1_det
2014_stochastic-fjsp_fjsp-a1-s5_fjsp-t8-j2-m3-a1_det
2014_stochastic-fjsp_fjsp-a1-s6_fjsp-t8-j2-m3-a1_det
2014_stochastic-vrp_vrp-s2-v2-c7_vrp-v2-c7_det
2014_stochastic-vrp_vrp-s3-v2-c6_vrp-v2-c6_det
2014_stochastic-vrp_vrp-s3-v2-c7_vrp-v2-c7_det
2014_stochastic-vrp_vrp-s4-v2-c6_vrp-v2-c6_det
2014_stochastic-vrp_vrp-s5-v2-c8_vrp-v2-c8_det
2014_train
2014_traveling-tppv_ttppv
2015_costas-array_CostasArray
2015_cvrp
2015_freepizza
2015_gfd-schedule
2015_grid-colouring_GridColoring
2015_is_model
2015_largescheduling_largecumulative
2015_mapping
2015_multi-knapsack_mknapsack_global
2015_nmseq
2015_opd
2015_open_stacks_open_stacks_01
2015_p1f
2015_project-planning_ProjectPlannertest_12_7
2015_project-planning_ProjectPlannertest_14_7
2015_project-planning_ProjectPlannertest_15_6
2015_project-planning_ProjectPlannertest_16_6
2015_project-planning_ProjectPlannertest_16_8
2015_radiation
2015_roster_roster_model
2015_spot5
2015_tdtsp
2015_triangular
2015_zephyrus_zephyrus-FH-2-15
2015_zephyrus_zephyrus_15_10
2015_zephyrus_zephyrus_20_20
2015_zephyrus_zephyrus_5_20
2015_zephyrus_zephyrus_5_4
2016_carpet-cutting_cc_base
2016_celar
2016_depot-placement_depot_placement
2016_diameterc-mst_dcmst
2016_elitserien_handball
2016_filters_filter
2016_gbac
2016_gfd-schedule_gfd-schedule2
2016_java-auto-gen_binpack_11
2016_java-auto-gen_pizza_8_3
2016_java-auto-gen_plusexample_6
2016_java-auto-gen_projplan1_15_15
2016_java-auto-gen_routing_7
2016_mapping
2016_maximum-dag
2016_mrcpsp
2016_nfc
2016_oocsp_racks
2016_prize-collecting_pc
2016_rcpsp-wet
2016_solbat_sb
2016_tpp
2016_zephyrus
2017_cargo_cargo_coarsePiles
2017_city-position
2017_community-detection
2017_crosswords_crossword_opt
2017_gbac
2017_groupsplitter_group
2017_hrc
2017_jp-encoding
2017_ma-path-finding_mapf
2017_mario
2017_opd
2017_opt-cryptanalysis_mznc2017_aes_opt
2017_rcpsp-wet
2017_rel2onto
2017_road-cons_road_naive
2017_routing-flexible_routing_GCM_0001
2017_routing-flexible_routing_GCM_0005
2017_routing-flexible_routing_GCM_0006
2017_routing-flexible_routing_GCM_0007
2017_routing-flexible_routing_GCM_0022
2017_steelmillslab
2017_tc-graph-color_tcgc2
2017_tdtsp
2017_traveling-tppv_ttppv
2018_cargo_cargo_coarsePiles
2018_concert-hall-cap
2018_elitserien_handball
2018_gfd-schedule_gfd-schedule2
2018_largescheduling_largecumulative
2018_mapping
2018_neighbours_neighbours-rect
2018_on-call-rostering_oc-roster
2018_oocsp_racks
2018_opt-cryptanalysis_mznc2017_aes_opt
2018_proteindesign12_wcsp
2018_racp
2018_rotating-workforce
2018_seat-moving
2018_soccer-computational_ecp
2018_steiner-tree
2018_team-assignment_model
2018_test-scheduling
2018_train
2018_vrplc_vrplc_service
2019_accap
2019_amaze_amaze3
2019_code-generator_unison
2019_fox-geese-corn_foxgeesecorn
2019_groupsplitter_group
2019_hrc
2019_kidney-exchange_ccmcp
2019_liner-sf-repositioning_fm3_0
2019_liner-sf-repositioning_fm3_3
2019_liner-sf-repositioning_tp7_12
2019_liner-sf-repositioning_tp7_2
2019_liner-sf-repositioning_tp7_4
2019_lot-sizing_lot_sizing_cp
2019_median-string_median_string_dp
2019_multi-knapsack_mknapsack_global
2019_nside_full
2019_ptv_pax_model
2019_rcpsp-wet-diverse
2019_rotating-workforce
2019_stack-cuttingstock_stack-cutstock-cumu
2019_steelmillslab
2019_stochastic-vrp_vrp-s2-v2-c8_vrp-v2-c8_det
2019_stochastic-vrp_vrp-s2-v2-c9_vrp-v2-c9_det
2019_stochastic-vrp_vrp-s3-v2-c7_vrp-v2-c7_det
2019_stochastic-vrp_vrp-s4-v2-c3_svrp-v2-c3_det
2019_stochastic-vrp_vrp-s5-v2-c6_vrp-v2-c6_det
2019_triangular
2019_zephyrus
2020_bnn-planner_cellda_y_10s
2020_bnn-planner_inventory_4_8s
2020_bnn-planner_navigation_5x5_10s
2020_bnn-planner_sysadmin_4_2s
2020_bnn-planner_sysadmin_5_4s
2020_cable_tree_wiring_ctw
2020_code-generator_unison
2020_collaborative-construction_macc
2020_gbac
2020_hoist-benchmark
2020_is_model
2020_lot-sizing_lot_sizing_cp
2020_minimal-decision-sets_sparse_mds
2020_p1f-pjs
2020_pentominoes_pentominoes-int
2020_pillars-and-planks_pillars-planks-solution
2020_racp
2020_radiation
2020_sdn-chain_model
2020_skill-allocation_skill_allocation_only
2020_soccer-computational_ecp
2020_stable-goods_stable-goods-solution
2020_tower_challenge_tower
2020_whirlpool_whirlpool-x
2021_ATSP_atsp
2021_carpet-cutting_cc_base
2021_community-detection
2021_connect_connect__0018
2021_connect_connect__0041_02
2021_connect_connect__0061
2021_connect_connect__0083_02
2021_connect_connect__0086_02
2021_flowshop-workers
2021_java-routing_trip_6_2
2021_java-routing_trip_7_4
2021_java-routing_trip_7_5
2021_java-routing_trip_8_2
2021_java-routing_trip_8_3
2021_mapping
2021_monomatch
2021_neighbours_neighbours-rect
2021_opt-cryptoanalysis_mznc2017_aes_opt
2021_p1f-pjs
2021_peacable_queens_peaceable_queens_mznc2021
2021_pentominoes-zayenz_pentominoes
2021_perfect_square
2021_physician-scheduling
2021_seat-moving
2021_steiner-systems
2021_vrp-submission_cvrptw_w_reload
2021_wmsmc-int_multisetcover
2022_accap
2022_arithmetic-target_model
2022_blocks-world_blocks
2022_diameterc-mst_dcmst
2022_generalized-peacable-queens_peaceable_queens
2022_gfd-schedule_gfd-schedule2
2022_ma-path-finding_mapf
2022_nfc
2022_roster-sickness_bool-model-sickness
2022_rotating-workforce-scheduling
2022_spot5
2022_stripboard
2022_sudoku_opt
2022_team-assignment_model
2022_tower
2022_traveling-tppv_ttppv
2022_triangular
2022_vaccine
2022_wordpress
2022_yumi-static
2023_chessboard
2023_code-generator_unison
2023_elitserien_handball
2023_evm-super-compilation_evmopt-generic
2023_gametes
2023_kidney-exchange_ccmcp
2023_mrcpsp
2023_multi-agent-graph-coverage_graph-scan-revised
2023_pennies-opt_pennies
2023_roster-shifts-bool_bool-model
2023_roster_roster_model
2023_speck-optimisation_SPECK-Optimisation
2023_sudoku_fixed
2023_table-layout_TableLayout
2023_test-scheduling
2023_travelling-thief_ttp
2023_unit-commitment_Unit-Commitment
2023_valve-network
2023_vrplc_vrplc_service
2023_yumi-static
2024_accap
2024_aircraft-disassembly_aircraft
2024_cable-tree-wiring_ctw
2024_community-detection
2024_compression
2024_concert-hall-cap
2024_fox-geese-corn_foxgeesecorn
2024_graph-clear_graph_clear_cp
2024_harmony
2024_hoist-benchmark
2024_monitor-placement-1id_monitor_1id
2024_neighbours_neighbours-rect
2024_network_50_cstr_efm_cstr
2024_peacable_queens_peaceable_queens_mznc2021
2024_portal
2024_tiny-cvrp_TinyCVRP_ExactlyOneSolution
2024_triangular
2024_word-equations_word_equations_01_track_123-int
2024_word-equations_word_equations_01_track_140-int
2024_word-equations_word_equations_02_track_8-int
2024_word-equations_word_equations_03_track_133-int
2024_word-equations_word_equations_03_track_31-int
2024_yumi-dynamic
2025_EchoSched_JSP0
2025_atsp
2025_black-hole
2025_carpet-cutting_cc_base
2025_cgt
2025_fbd1_FBD1
2025_groupsplitter_group
2025_hitori
2025_ihtc-2024-kletzander_model4_opt
2025_ihtc-2024-marte_model
2025_is_model
2025_mondoku_mondoku-gcc-model-balance
2025_products-and-shelves_product-and-shelves
2025_proteindesign12_wcsp
2025_skill-allocation_skill_allocation_only
2025_stripboard
2025_tower
2025_tsptw
2025_work-task-variation
